Archive member included because of file (symbol)

c:/winavr-20100110/bin/../lib/gcc/avr/4.3.3/avr5\libgcc.a(_udivmodsi4.o)
                              ./MCAL/I2C/I2C_Program.o (__udivmodsi4)
c:/winavr-20100110/bin/../lib/gcc/avr/4.3.3/avr5\libgcc.a(_exit.o)
                              c:/winavr-20100110/bin/../lib/gcc/avr/4.3.3/../../../../avr/lib/avr5/crtm16.o (exit)
c:/winavr-20100110/bin/../lib/gcc/avr/4.3.3/avr5\libgcc.a(_copy_data.o)
                              ./APP_Interface.o (__do_copy_data)
c:/winavr-20100110/bin/../lib/gcc/avr/4.3.3/avr5\libgcc.a(_clear_bss.o)
                              ./MCAL/SPI/SPI_Program.o (__do_clear_bss)

Allocating common symbols
Common symbol       size              file

ptr_func            0x2               ./MCAL/SPI/SPI_Program.o

Memory Configuration

Name             Origin             Length             Attributes
text             0x00000000         0x00020000         xr
data             0x00800060         0x0000ffa0         rw !x
eeprom           0x00810000         0x00010000         rw !x
fuse             0x00820000         0x00000400         rw !x
lock             0x00830000         0x00000400         rw !x
signature        0x00840000         0x00000400         rw !x
*default*        0x00000000         0xffffffff

Linker script and memory map

LOAD c:/winavr-20100110/bin/../lib/gcc/avr/4.3.3/../../../../avr/lib/avr5/crtm16.o
LOAD ./MCAL/SPI/SPI_Program.o
LOAD ./MCAL/I2C/I2C_Program.o
LOAD ./MCAL/DIO/DIO_Program.o
LOAD ./EHAL/EEPROM/EEPROM_Program.o
LOAD ./APP_Interface.o
LOAD ./main.o
LOAD c:/winavr-20100110/bin/../lib/gcc/avr/4.3.3/avr5\libgcc.a
LOAD c:/winavr-20100110/bin/../lib/gcc/avr/4.3.3/../../../../avr/lib/avr5\libc.a
LOAD c:/winavr-20100110/bin/../lib/gcc/avr/4.3.3/avr5\libgcc.a

.hash
 *(.hash)

.dynsym
 *(.dynsym)

.dynstr
 *(.dynstr)

.gnu.version
 *(.gnu.version)

.gnu.version_d
 *(.gnu.version_d)

.gnu.version_r
 *(.gnu.version_r)

.rel.init
 *(.rel.init)

.rela.init
 *(.rela.init)

.rel.text
 *(.rel.text)
 *(.rel.text.*)
 *(.rel.gnu.linkonce.t*)

.rela.text
 *(.rela.text)
 *(.rela.text.*)
 *(.rela.gnu.linkonce.t*)

.rel.fini
 *(.rel.fini)

.rela.fini
 *(.rela.fini)

.rel.rodata
 *(.rel.rodata)
 *(.rel.rodata.*)
 *(.rel.gnu.linkonce.r*)

.rela.rodata
 *(.rela.rodata)
 *(.rela.rodata.*)
 *(.rela.gnu.linkonce.r*)

.rel.data
 *(.rel.data)
 *(.rel.data.*)
 *(.rel.gnu.linkonce.d*)

.rela.data
 *(.rela.data)
 *(.rela.data.*)
 *(.rela.gnu.linkonce.d*)

.rel.ctors
 *(.rel.ctors)

.rela.ctors
 *(.rela.ctors)

.rel.dtors
 *(.rel.dtors)

.rela.dtors
 *(.rela.dtors)

.rel.got
 *(.rel.got)

.rela.got
 *(.rela.got)

.rel.bss
 *(.rel.bss)

.rela.bss
 *(.rela.bss)

.rel.plt
 *(.rel.plt)

.rela.plt
 *(.rela.plt)

.text           0x00000000      0x75e
 *(.vectors)
 .vectors       0x00000000       0x54 c:/winavr-20100110/bin/../lib/gcc/avr/4.3.3/../../../../avr/lib/avr5/crtm16.o
                0x00000000                __vectors
                0x00000000                __vector_default
 *(.vectors)
 *(.progmem.gcc*)
 *(.progmem*)
                0x00000054                . = ALIGN (0x2)
                0x00000054                __trampolines_start = .
 *(.trampolines)
 .trampolines   0x00000054        0x0 linker stubs
 *(.trampolines*)
                0x00000054                __trampolines_end = .
 *(.jumptables)
 *(.jumptables*)
 *(.lowtext)
 *(.lowtext*)
                0x00000054                __ctors_start = .
 *(.ctors)
                0x00000054                __ctors_end = .
                0x00000054                __dtors_start = .
 *(.dtors)
                0x00000054                __dtors_end = .
 SORT(*)(.ctors)
 SORT(*)(.dtors)
 *(.init0)
 .init0         0x00000054        0x0 c:/winavr-20100110/bin/../lib/gcc/avr/4.3.3/../../../../avr/lib/avr5/crtm16.o
                0x00000054                __init
 *(.init0)
 *(.init1)
 *(.init1)
 *(.init2)
 .init2         0x00000054        0xc c:/winavr-20100110/bin/../lib/gcc/avr/4.3.3/../../../../avr/lib/avr5/crtm16.o
 *(.init2)
 *(.init3)
 *(.init3)
 *(.init4)
 .init4         0x00000060       0x16 c:/winavr-20100110/bin/../lib/gcc/avr/4.3.3/avr5\libgcc.a(_copy_data.o)
                0x00000060                __do_copy_data
 .init4         0x00000076       0x10 c:/winavr-20100110/bin/../lib/gcc/avr/4.3.3/avr5\libgcc.a(_clear_bss.o)
                0x00000076                __do_clear_bss
 *(.init4)
 *(.init5)
 *(.init5)
 *(.init6)
 *(.init6)
 *(.init7)
 *(.init7)
 *(.init8)
 *(.init8)
 *(.init9)
 .init9         0x00000086        0x8 c:/winavr-20100110/bin/../lib/gcc/avr/4.3.3/../../../../avr/lib/avr5/crtm16.o
 *(.init9)
 *(.text)
 .text          0x0000008e        0x4 c:/winavr-20100110/bin/../lib/gcc/avr/4.3.3/../../../../avr/lib/avr5/crtm16.o
                0x0000008e                __vector_1
                0x0000008e                __bad_interrupt
                0x0000008e                __vector_6
                0x0000008e                __vector_3
                0x0000008e                __vector_11
                0x0000008e                __vector_13
                0x0000008e                __vector_17
                0x0000008e                __vector_19
                0x0000008e                __vector_7
                0x0000008e                __vector_5
                0x0000008e                __vector_4
                0x0000008e                __vector_9
                0x0000008e                __vector_2
                0x0000008e                __vector_15
                0x0000008e                __vector_8
                0x0000008e                __vector_14
                0x0000008e                __vector_10
                0x0000008e                __vector_16
                0x0000008e                __vector_18
                0x0000008e                __vector_20
 .text          0x00000092        0x0 ./MCAL/SPI/SPI_Program.o
 .text          0x00000092        0x0 ./MCAL/I2C/I2C_Program.o
 .text          0x00000092        0x0 ./MCAL/DIO/DIO_Program.o
 .text          0x00000092        0x0 ./EHAL/EEPROM/EEPROM_Program.o
 .text          0x00000092        0x0 ./APP_Interface.o
 .text          0x00000092        0x0 ./main.o
 .text          0x00000092        0x0 c:/winavr-20100110/bin/../lib/gcc/avr/4.3.3/avr5\libgcc.a(_udivmodsi4.o)
 .text          0x00000092        0x0 c:/winavr-20100110/bin/../lib/gcc/avr/4.3.3/avr5\libgcc.a(_exit.o)
 .text          0x00000092        0x0 c:/winavr-20100110/bin/../lib/gcc/avr/4.3.3/avr5\libgcc.a(_copy_data.o)
 .text          0x00000092        0x0 c:/winavr-20100110/bin/../lib/gcc/avr/4.3.3/avr5\libgcc.a(_clear_bss.o)
                0x00000092                . = ALIGN (0x2)
 *(.text.*)
 .text.__vector_12
                0x00000092       0x4e ./MCAL/SPI/SPI_Program.o
                0x00000092                __vector_12
 .text.SPI_Send_Receive_Synch_Byte
                0x000000e0       0x10 ./MCAL/SPI/SPI_Program.o
                0x000000e0                SPI_Send_Receive_Synch_Byte
 .text.SPI_Send_ASynch_Byte
                0x000000f0        0xa ./MCAL/SPI/SPI_Program.o
                0x000000f0                SPI_Send_ASynch_Byte
 .text.SPI_Read_Data
                0x000000fa        0xa ./MCAL/SPI/SPI_Program.o
                0x000000fa                SPI_Read_Data
 .text.SPI_Set_CallBack
                0x00000104        0xc ./MCAL/SPI/SPI_Program.o
                0x00000104                SPI_Set_CallBack
 .text.Global_Interrupt_Enable
                0x00000110        0xa ./MCAL/SPI/SPI_Program.o
                0x00000110                Global_Interrupt_Enable
 .text.Master_Send
                0x0000011a        0x8 ./MCAL/SPI/SPI_Program.o
                0x0000011a                Master_Send
 .text.Master_Receive
                0x00000122        0xc ./MCAL/SPI/SPI_Program.o
                0x00000122                Master_Receive
 .text.SPI_Init_Slave
                0x0000012e       0x66 ./MCAL/SPI/SPI_Program.o
                0x0000012e                SPI_Init_Slave
 .text.SPI_Init_Master
                0x00000194       0x76 ./MCAL/SPI/SPI_Program.o
                0x00000194                SPI_Init_Master
 .text.I2C_Init
                0x0000020a        0x8 ./MCAL/I2C/I2C_Program.o
                0x0000020a                I2C_Init
 .text.I2C_SetClock
                0x00000212       0x24 ./MCAL/I2C/I2C_Program.o
                0x00000212                I2C_SetClock
 .text.I2C_MasterStart
                0x00000236       0x1a ./MCAL/I2C/I2C_Program.o
                0x00000236                I2C_MasterStart
 .text.I2C_MasterRepeatStart
                0x00000250       0x1a ./MCAL/I2C/I2C_Program.o
                0x00000250                I2C_MasterRepeatStart
 .text.I2C_SetSlaveAddressWithWrite
                0x0000026a       0x1c ./MCAL/I2C/I2C_Program.o
                0x0000026a                I2C_SetSlaveAddressWithWrite
 .text.I2C_SetSlaveAddressWithRead
                0x00000286       0x1e ./MCAL/I2C/I2C_Program.o
                0x00000286                I2C_SetSlaveAddressWithRead
 .text.I2C_MasterWriteData
                0x000002a4       0x1c ./MCAL/I2C/I2C_Program.o
                0x000002a4                I2C_MasterWriteData
 .text.I2C_MasterReadData
                0x000002c0       0x20 ./MCAL/I2C/I2C_Program.o
                0x000002c0                I2C_MasterReadData
 .text.I2C_MasterStop
                0x000002e0       0x18 ./MCAL/I2C/I2C_Program.o
                0x000002e0                I2C_MasterStop
 .text.DIO_SetPin_Direction
                0x000002f8       0xfe ./MCAL/DIO/DIO_Program.o
                0x000002f8                DIO_SetPin_Direction
 .text.DIO_SetPin_Value
                0x000003f6       0xfe ./MCAL/DIO/DIO_Program.o
                0x000003f6                DIO_SetPin_Value
 .text.DIO_TglPin_Value
                0x000004f4       0x74 ./MCAL/DIO/DIO_Program.o
                0x000004f4                DIO_TglPin_Value
 .text.DIO_GetPin_Value
                0x00000568       0x4a ./MCAL/DIO/DIO_Program.o
                0x00000568                DIO_GetPin_Value
 .text.DIO_SetPin_PULLUP
                0x000005b2       0x74 ./MCAL/DIO/DIO_Program.o
                0x000005b2                DIO_SetPin_PULLUP
 .text.EEPROM_RandomRead
                0x00000626       0x4a ./EHAL/EEPROM/EEPROM_Program.o
                0x00000626                EEPROM_RandomRead
 .text.EEPROM_ByteWrite
                0x00000670       0x30 ./EHAL/EEPROM/EEPROM_Program.o
                0x00000670                EEPROM_ByteWrite
 .text.EEPROM_Init
                0x000006a0       0x12 ./EHAL/EEPROM/EEPROM_Program.o
                0x000006a0                EEPROM_Init
 .text.MAINS_Application
                0x000006b2        0x4 ./APP_Interface.o
                0x000006b2                MAINS_Application
 .text.EEPROM_READ_WRITE
                0x000006b6       0x3e ./APP_Interface.o
                0x000006b6                EEPROM_READ_WRITE
 .text.ApplicationS_Initialize
                0x000006f4       0x18 ./APP_Interface.o
                0x000006f4                ApplicationS_Initialize
 .text.main     0x0000070c        0xa ./main.o
                0x0000070c                main
 .text.libgcc   0x00000716       0x44 c:/winavr-20100110/bin/../lib/gcc/avr/4.3.3/avr5\libgcc.a(_udivmodsi4.o)
                0x00000716                __udivmodsi4
 .text.libgcc   0x0000075a        0x0 c:/winavr-20100110/bin/../lib/gcc/avr/4.3.3/avr5\libgcc.a(_exit.o)
 .text.libgcc   0x0000075a        0x0 c:/winavr-20100110/bin/../lib/gcc/avr/4.3.3/avr5\libgcc.a(_copy_data.o)
 .text.libgcc   0x0000075a        0x0 c:/winavr-20100110/bin/../lib/gcc/avr/4.3.3/avr5\libgcc.a(_clear_bss.o)
                0x0000075a                . = ALIGN (0x2)
 *(.fini9)
 .fini9         0x0000075a        0x0 c:/winavr-20100110/bin/../lib/gcc/avr/4.3.3/avr5\libgcc.a(_exit.o)
                0x0000075a                exit
                0x0000075a                _exit
 *(.fini9)
 *(.fini8)
 *(.fini8)
 *(.fini7)
 *(.fini7)
 *(.fini6)
 *(.fini6)
 *(.fini5)
 *(.fini5)
 *(.fini4)
 *(.fini4)
 *(.fini3)
 *(.fini3)
 *(.fini2)
 *(.fini2)
 *(.fini1)
 *(.fini1)
 *(.fini0)
 .fini0         0x0000075a        0x4 c:/winavr-20100110/bin/../lib/gcc/avr/4.3.3/avr5\libgcc.a(_exit.o)
 *(.fini0)
                0x0000075e                _etext = .

.data           0x00800060        0x4 load address 0x0000075e
                0x00800060                PROVIDE (__data_start, .)
 *(.data)
 .data          0x00800060        0x0 c:/winavr-20100110/bin/../lib/gcc/avr/4.3.3/../../../../avr/lib/avr5/crtm16.o
 .data          0x00800060        0x0 ./MCAL/SPI/SPI_Program.o
 .data          0x00800060        0x0 ./MCAL/I2C/I2C_Program.o
 .data          0x00800060        0x0 ./MCAL/DIO/DIO_Program.o
 .data          0x00800060        0x0 ./EHAL/EEPROM/EEPROM_Program.o
 .data          0x00800060        0x0 ./APP_Interface.o
 .data          0x00800060        0x0 ./main.o
 .data          0x00800060        0x0 c:/winavr-20100110/bin/../lib/gcc/avr/4.3.3/avr5\libgcc.a(_udivmodsi4.o)
 .data          0x00800060        0x0 c:/winavr-20100110/bin/../lib/gcc/avr/4.3.3/avr5\libgcc.a(_exit.o)
 .data          0x00800060        0x0 c:/winavr-20100110/bin/../lib/gcc/avr/4.3.3/avr5\libgcc.a(_copy_data.o)
 .data          0x00800060        0x0 c:/winavr-20100110/bin/../lib/gcc/avr/4.3.3/avr5\libgcc.a(_clear_bss.o)
 *(.data*)
 .data.My_Slave
                0x00800060        0x4 ./APP_Interface.o
                0x00800060                My_Slave
 *(.rodata)
 *(.rodata*)
 *(.gnu.linkonce.d*)
                0x00800064                . = ALIGN (0x2)
                0x00800064                _edata = .
                0x00800064                PROVIDE (__data_end, .)

.bss            0x00800064        0x2
                0x00800064                PROVIDE (__bss_start, .)
 *(.bss)
 .bss           0x00800064        0x0 c:/winavr-20100110/bin/../lib/gcc/avr/4.3.3/../../../../avr/lib/avr5/crtm16.o
 .bss           0x00800064        0x0 ./MCAL/SPI/SPI_Program.o
 .bss           0x00800064        0x0 ./MCAL/I2C/I2C_Program.o
 .bss           0x00800064        0x0 ./MCAL/DIO/DIO_Program.o
 .bss           0x00800064        0x0 ./EHAL/EEPROM/EEPROM_Program.o
 .bss           0x00800064        0x0 ./APP_Interface.o
 .bss           0x00800064        0x0 ./main.o
 .bss           0x00800064        0x0 c:/winavr-20100110/bin/../lib/gcc/avr/4.3.3/avr5\libgcc.a(_udivmodsi4.o)
 .bss           0x00800064        0x0 c:/winavr-20100110/bin/../lib/gcc/avr/4.3.3/avr5\libgcc.a(_exit.o)
 .bss           0x00800064        0x0 c:/winavr-20100110/bin/../lib/gcc/avr/4.3.3/avr5\libgcc.a(_copy_data.o)
 .bss           0x00800064        0x0 c:/winavr-20100110/bin/../lib/gcc/avr/4.3.3/avr5\libgcc.a(_clear_bss.o)
 *(.bss*)
 *(COMMON)
 COMMON         0x00800064        0x2 ./MCAL/SPI/SPI_Program.o
                0x00800064                ptr_func
                0x00800066                PROVIDE (__bss_end, .)
                0x0000075e                __data_load_start = LOADADDR (.data)
                0x00000762                __data_load_end = (__data_load_start + SIZEOF (.data))

.noinit         0x00800066        0x0
                0x00800066                PROVIDE (__noinit_start, .)
 *(.noinit*)
                0x00800066                PROVIDE (__noinit_end, .)
                0x00800066                _end = .
                0x00800066                PROVIDE (__heap_start, .)

.eeprom         0x00810000        0x0
 *(.eeprom*)
                0x00810000                __eeprom_end = .

.fuse
 *(.fuse)
 *(.lfuse)
 *(.hfuse)
 *(.efuse)

.lock
 *(.lock*)

.signature
 *(.signature*)

.stab           0x00000000     0x1914
 *(.stab)
 .stab          0x00000000      0x750 ./MCAL/SPI/SPI_Program.o
 .stab          0x00000750      0x4f8 ./MCAL/I2C/I2C_Program.o
                                0x7d4 (size before relaxing)
 .stab          0x00000c48      0x5c4 ./MCAL/DIO/DIO_Program.o
                                0x834 (size before relaxing)
 .stab          0x0000120c      0x2f4 ./EHAL/EEPROM/EEPROM_Program.o
                                0x564 (size before relaxing)
 .stab          0x00001500      0x288 ./APP_Interface.o
                                0x564 (size before relaxing)
 .stab          0x00001788      0x18c ./main.o
                                0x498 (size before relaxing)

.stabstr        0x00000000     0x13c4
 *(.stabstr)
 .stabstr       0x00000000     0x13c4 ./MCAL/SPI/SPI_Program.o

.stab.excl
 *(.stab.excl)

.stab.exclstr
 *(.stab.exclstr)

.stab.index
 *(.stab.index)

.stab.indexstr
 *(.stab.indexstr)

.comment
 *(.comment)

.debug
 *(.debug)

.line
 *(.line)

.debug_srcinfo
 *(.debug_srcinfo)

.debug_sfnames
 *(.debug_sfnames)

.debug_aranges
 *(.debug_aranges)

.debug_pubnames
 *(.debug_pubnames)

.debug_info
 *(.debug_info)
 *(.gnu.linkonce.wi.*)

.debug_abbrev
 *(.debug_abbrev)

.debug_line
 *(.debug_line)

.debug_frame
 *(.debug_frame)

.debug_str
 *(.debug_str)

.debug_loc
 *(.debug_loc)

.debug_macinfo
 *(.debug_macinfo)
OUTPUT(CAR_MC_SLAVE.elf elf32-avr)
LOAD linker stubs
