Archive member included because of file (symbol)

c:/winavr-20100110/bin/../lib/gcc/avr/4.3.3/avr5\libgcc.a(_divmodhi4.o)
                              ./APPLICATION/Display_Update_Program.o (__divmodhi4)
c:/winavr-20100110/bin/../lib/gcc/avr/4.3.3/avr5\libgcc.a(_udivmodsi4.o)
                              ./MCAL/USART/UART_Program.o (__udivmodsi4)
c:/winavr-20100110/bin/../lib/gcc/avr/4.3.3/avr5\libgcc.a(_exit.o)
                              c:/winavr-20100110/bin/../lib/gcc/avr/4.3.3/../../../../avr/lib/avr5/crtm32.o (exit)
c:/winavr-20100110/bin/../lib/gcc/avr/4.3.3/avr5\libgcc.a(_copy_data.o)
                              ./EHAL/LCD_4x20/LCD_Program.o (__do_copy_data)
c:/winavr-20100110/bin/../lib/gcc/avr/4.3.3/avr5\libgcc.a(_clear_bss.o)
                              ./MCAL/SPI/SPI_Program.o (__do_clear_bss)
c:/winavr-20100110/bin/../lib/gcc/avr/4.3.3/avr5\libgcc.a(_divdi3.o)
                              ./EHAL/LCD_4x20/LCD_Program.o (__divdi3)
c:/winavr-20100110/bin/../lib/gcc/avr/4.3.3/avr5\libgcc.a(_moddi3.o)
                              ./EHAL/LCD_4x20/LCD_Program.o (__moddi3)
c:/winavr-20100110/bin/../lib/gcc/avr/4.3.3/avr5\libgcc.a(_mulsi3.o)
                              c:/winavr-20100110/bin/../lib/gcc/avr/4.3.3/avr5\libgcc.a(_divdi3.o) (__mulsi3)
c:/winavr-20100110/bin/../lib/gcc/avr/4.3.3/avr5\libgcc.a(_udivmodhi4.o)
                              c:/winavr-20100110/bin/../lib/gcc/avr/4.3.3/avr5\libgcc.a(_divmodhi4.o) (__udivmodhi4)
c:/winavr-20100110/bin/../lib/gcc/avr/4.3.3/avr5\libgcc.a(_prologue.o)
                              c:/winavr-20100110/bin/../lib/gcc/avr/4.3.3/avr5\libgcc.a(_divdi3.o) (__prologue_saves__)
c:/winavr-20100110/bin/../lib/gcc/avr/4.3.3/avr5\libgcc.a(_epilogue.o)
                              c:/winavr-20100110/bin/../lib/gcc/avr/4.3.3/avr5\libgcc.a(_divdi3.o) (__epilogue_restores__)
c:/winavr-20100110/bin/../lib/gcc/avr/4.3.3/avr5\libgcc.a(_clz.o)
                              c:/winavr-20100110/bin/../lib/gcc/avr/4.3.3/avr5\libgcc.a(_divdi3.o) (__clz_tab)

Allocating common symbols
Common symbol       size              file

ptr_func            0x2               ./MCAL/SPI/SPI_Program.o
mode_state          0x1               ./APPLICATION/GearBox_Program.o

Memory Configuration

Name             Origin             Length             Attributes
text             0x00000000         0x00020000         xr
data             0x00800060         0x0000ffa0         rw !x
eeprom           0x00810000         0x00010000         rw !x
fuse             0x00820000         0x00000400         rw !x
lock             0x00830000         0x00000400         rw !x
signature        0x00840000         0x00000400         rw !x
*default*        0x00000000         0xffffffff

Linker script and memory map

LOAD c:/winavr-20100110/bin/../lib/gcc/avr/4.3.3/../../../../avr/lib/avr5/crtm32.o
LOAD ./MCAL/USART/UART_Program.o
LOAD ./MCAL/SPI/SPI_Program.o
LOAD ./MCAL/DIO/DIO_Program.o
LOAD ./MCAL/ADC/ADC_Program.o
LOAD ./EHAL/YELLOW LED/YELLOW_LED_Program.o
LOAD ./EHAL/Potentiometer/Engine_Sensor/Engine_Sensor_Program.o
LOAD ./EHAL/Potentiometer/Engine_Limit_Sensor/Engine_Limit_Sensor_Program.o
LOAD ./EHAL/LCD_4x20/LCD_Program.o
LOAD ./EHAL/KEYPAD Driver/KEYPAD_Program.o
LOAD ./EHAL/GREEN LED/GREEN_LED_Program.o
LOAD ./EHAL/Buzzer/Buzzer_Program.o
LOAD ./EHAL/BLUE LED/BLUE_LED_Program.o
LOAD ./APPLICATION/APP_Program.o
LOAD ./APPLICATION/Display_Update_Program.o
LOAD ./APPLICATION/GearBox_Program.o
LOAD ./main.o
LOAD c:/winavr-20100110/bin/../lib/gcc/avr/4.3.3/avr5\libgcc.a
LOAD c:/winavr-20100110/bin/../lib/gcc/avr/4.3.3/../../../../avr/lib/avr5\libc.a
LOAD c:/winavr-20100110/bin/../lib/gcc/avr/4.3.3/avr5\libgcc.a

.hash
 *(.hash)

.dynsym
 *(.dynsym)

.dynstr
 *(.dynstr)

.gnu.version
 *(.gnu.version)

.gnu.version_d
 *(.gnu.version_d)

.gnu.version_r
 *(.gnu.version_r)

.rel.init
 *(.rel.init)

.rela.init
 *(.rela.init)

.rel.text
 *(.rel.text)
 *(.rel.text.*)
 *(.rel.gnu.linkonce.t*)

.rela.text
 *(.rela.text)
 *(.rela.text.*)
 *(.rela.gnu.linkonce.t*)

.rel.fini
 *(.rel.fini)

.rela.fini
 *(.rela.fini)

.rel.rodata
 *(.rel.rodata)
 *(.rel.rodata.*)
 *(.rel.gnu.linkonce.r*)

.rela.rodata
 *(.rela.rodata)
 *(.rela.rodata.*)
 *(.rela.gnu.linkonce.r*)

.rel.data
 *(.rel.data)
 *(.rel.data.*)
 *(.rel.gnu.linkonce.d*)

.rela.data
 *(.rela.data)
 *(.rela.data.*)
 *(.rela.gnu.linkonce.d*)

.rel.ctors
 *(.rel.ctors)

.rela.ctors
 *(.rela.ctors)

.rel.dtors
 *(.rel.dtors)

.rela.dtors
 *(.rela.dtors)

.rel.got
 *(.rel.got)

.rela.got
 *(.rela.got)

.rel.bss
 *(.rel.bss)

.rela.bss
 *(.rela.bss)

.rel.plt
 *(.rel.plt)

.rela.plt
 *(.rela.plt)

.text           0x00000000     0x3d76
 *(.vectors)
 .vectors       0x00000000       0x54 c:/winavr-20100110/bin/../lib/gcc/avr/4.3.3/../../../../avr/lib/avr5/crtm32.o
                0x00000000                __vectors
                0x00000000                __vector_default
 *(.vectors)
 *(.progmem.gcc*)
 *(.progmem*)
                0x00000054                . = ALIGN (0x2)
                0x00000054                __trampolines_start = .
 *(.trampolines)
 .trampolines   0x00000054        0x0 linker stubs
 *(.trampolines*)
                0x00000054                __trampolines_end = .
 *(.jumptables)
 *(.jumptables*)
 *(.lowtext)
 *(.lowtext*)
                0x00000054                __ctors_start = .
 *(.ctors)
                0x00000054                __ctors_end = .
                0x00000054                __dtors_start = .
 *(.dtors)
                0x00000054                __dtors_end = .
 SORT(*)(.ctors)
 SORT(*)(.dtors)
 *(.init0)
 .init0         0x00000054        0x0 c:/winavr-20100110/bin/../lib/gcc/avr/4.3.3/../../../../avr/lib/avr5/crtm32.o
                0x00000054                __init
 *(.init0)
 *(.init1)
 *(.init1)
 *(.init2)
 .init2         0x00000054        0xc c:/winavr-20100110/bin/../lib/gcc/avr/4.3.3/../../../../avr/lib/avr5/crtm32.o
 *(.init2)
 *(.init3)
 *(.init3)
 *(.init4)
 .init4         0x00000060       0x16 c:/winavr-20100110/bin/../lib/gcc/avr/4.3.3/avr5\libgcc.a(_copy_data.o)
                0x00000060                __do_copy_data
 .init4         0x00000076       0x10 c:/winavr-20100110/bin/../lib/gcc/avr/4.3.3/avr5\libgcc.a(_clear_bss.o)
                0x00000076                __do_clear_bss
 *(.init4)
 *(.init5)
 *(.init5)
 *(.init6)
 *(.init6)
 *(.init7)
 *(.init7)
 *(.init8)
 *(.init8)
 *(.init9)
 .init9         0x00000086        0x8 c:/winavr-20100110/bin/../lib/gcc/avr/4.3.3/../../../../avr/lib/avr5/crtm32.o
 *(.init9)
 *(.text)
 .text          0x0000008e        0x4 c:/winavr-20100110/bin/../lib/gcc/avr/4.3.3/../../../../avr/lib/avr5/crtm32.o
                0x0000008e                __vector_1
                0x0000008e                __bad_interrupt
                0x0000008e                __vector_6
                0x0000008e                __vector_3
                0x0000008e                __vector_11
                0x0000008e                __vector_13
                0x0000008e                __vector_17
                0x0000008e                __vector_19
                0x0000008e                __vector_7
                0x0000008e                __vector_5
                0x0000008e                __vector_4
                0x0000008e                __vector_9
                0x0000008e                __vector_2
                0x0000008e                __vector_15
                0x0000008e                __vector_8
                0x0000008e                __vector_14
                0x0000008e                __vector_10
                0x0000008e                __vector_16
                0x0000008e                __vector_18
                0x0000008e                __vector_20
 .text          0x00000092        0x0 ./MCAL/USART/UART_Program.o
 .text          0x00000092        0x0 ./MCAL/SPI/SPI_Program.o
 .text          0x00000092        0x0 ./MCAL/DIO/DIO_Program.o
 .text          0x00000092        0x0 ./MCAL/ADC/ADC_Program.o
 .text          0x00000092        0x0 ./EHAL/YELLOW LED/YELLOW_LED_Program.o
 .text          0x00000092        0x0 ./EHAL/Potentiometer/Engine_Sensor/Engine_Sensor_Program.o
 .text          0x00000092        0x0 ./EHAL/Potentiometer/Engine_Limit_Sensor/Engine_Limit_Sensor_Program.o
 .text          0x00000092        0x0 ./EHAL/LCD_4x20/LCD_Program.o
 .text          0x00000092        0x0 ./EHAL/KEYPAD Driver/KEYPAD_Program.o
 .text          0x00000092        0x0 ./EHAL/GREEN LED/GREEN_LED_Program.o
 .text          0x00000092        0x0 ./EHAL/Buzzer/Buzzer_Program.o
 .text          0x00000092        0x0 ./EHAL/BLUE LED/BLUE_LED_Program.o
 .text          0x00000092        0x0 ./APPLICATION/APP_Program.o
 .text          0x00000092        0x0 ./APPLICATION/Display_Update_Program.o
 .text          0x00000092        0x0 ./APPLICATION/GearBox_Program.o
 .text          0x00000092        0x0 ./main.o
 .text          0x00000092        0x0 c:/winavr-20100110/bin/../lib/gcc/avr/4.3.3/avr5\libgcc.a(_divmodhi4.o)
 .text          0x00000092        0x0 c:/winavr-20100110/bin/../lib/gcc/avr/4.3.3/avr5\libgcc.a(_udivmodsi4.o)
 .text          0x00000092        0x0 c:/winavr-20100110/bin/../lib/gcc/avr/4.3.3/avr5\libgcc.a(_exit.o)
 .text          0x00000092        0x0 c:/winavr-20100110/bin/../lib/gcc/avr/4.3.3/avr5\libgcc.a(_copy_data.o)
 .text          0x00000092        0x0 c:/winavr-20100110/bin/../lib/gcc/avr/4.3.3/avr5\libgcc.a(_clear_bss.o)
 .text          0x00000092     0x1050 c:/winavr-20100110/bin/../lib/gcc/avr/4.3.3/avr5\libgcc.a(_divdi3.o)
                0x00000092                __divdi3
 .text          0x000010e2     0x107a c:/winavr-20100110/bin/../lib/gcc/avr/4.3.3/avr5\libgcc.a(_moddi3.o)
                0x000010e2                __moddi3
 .text          0x0000215c        0x0 c:/winavr-20100110/bin/../lib/gcc/avr/4.3.3/avr5\libgcc.a(_mulsi3.o)
 .text          0x0000215c        0x0 c:/winavr-20100110/bin/../lib/gcc/avr/4.3.3/avr5\libgcc.a(_udivmodhi4.o)
 .text          0x0000215c        0x0 c:/winavr-20100110/bin/../lib/gcc/avr/4.3.3/avr5\libgcc.a(_prologue.o)
 .text          0x0000215c        0x0 c:/winavr-20100110/bin/../lib/gcc/avr/4.3.3/avr5\libgcc.a(_epilogue.o)
 .text          0x0000215c        0x0 c:/winavr-20100110/bin/../lib/gcc/avr/4.3.3/avr5\libgcc.a(_clz.o)
                0x0000215c                . = ALIGN (0x2)
 *(.text.*)
 .text.UART_voidTransmitByte_synch
                0x0000215c        0x2 ./MCAL/USART/UART_Program.o
                0x0000215c                UART_voidTransmitByte_synch
 .text.UART_u8GetUDRValue
                0x0000215e        0xe ./MCAL/USART/UART_Program.o
                0x0000215e                UART_u8GetUDRValue
 .text.UART_voidSetBaudRate
                0x0000216c       0x3a ./MCAL/USART/UART_Program.o
                0x0000216c                UART_voidSetBaudRate
 .text.UART_voidSendString
                0x000021a6        0xe ./MCAL/USART/UART_Program.o
                0x000021a6                UART_voidSendString
 .text.UART_voidRecString
                0x000021b4        0x2 ./MCAL/USART/UART_Program.o
                0x000021b4                UART_voidRecString
 .text.UART_voidInit
                0x000021b6       0x92 ./MCAL/USART/UART_Program.o
                0x000021b6                UART_voidInit
 .text.__vector_12
                0x00002248       0x4e ./MCAL/SPI/SPI_Program.o
                0x00002248                __vector_12
 .text.SPI_Send_Receive_Synch_Byte
                0x00002296       0x16 ./MCAL/SPI/SPI_Program.o
                0x00002296                SPI_Send_Receive_Synch_Byte
 .text.SPI_Send_ASynch_Byte
                0x000022ac       0x10 ./MCAL/SPI/SPI_Program.o
                0x000022ac                SPI_Send_ASynch_Byte
 .text.SPI_Read_Data
                0x000022bc        0xa ./MCAL/SPI/SPI_Program.o
                0x000022bc                SPI_Read_Data
 .text.SPI_Set_CallBack
                0x000022c6        0xc ./MCAL/SPI/SPI_Program.o
                0x000022c6                SPI_Set_CallBack
 .text.Global_Interrupt_Enable
                0x000022d2        0xe ./MCAL/SPI/SPI_Program.o
                0x000022d2                Global_Interrupt_Enable
 .text.Master_Send
                0x000022e0        0x6 ./MCAL/SPI/SPI_Program.o
                0x000022e0                Master_Send
 .text.Master_Receive
                0x000022e6       0x22 ./MCAL/SPI/SPI_Program.o
                0x000022e6                Master_Receive
 .text.SPI_Init_Slave
                0x00002308       0x74 ./MCAL/SPI/SPI_Program.o
                0x00002308                SPI_Init_Slave
 .text.SPI_Init_Master
                0x0000237c       0x8c ./MCAL/SPI/SPI_Program.o
                0x0000237c                SPI_Init_Master
 .text.DIO_SetPin_Direction
                0x00002408      0x120 ./MCAL/DIO/DIO_Program.o
                0x00002408                DIO_SetPin_Direction
 .text.DIO_SetPin_Value
                0x00002528      0x120 ./MCAL/DIO/DIO_Program.o
                0x00002528                DIO_SetPin_Value
 .text.DIO_TglPin_Value
                0x00002648       0x84 ./MCAL/DIO/DIO_Program.o
                0x00002648                DIO_TglPin_Value
 .text.DIO_GetPin_Value
                0x000026cc       0x6e ./MCAL/DIO/DIO_Program.o
                0x000026cc                DIO_GetPin_Value
 .text.DIO_SetPin_PULLUP
                0x0000273a       0x84 ./MCAL/DIO/DIO_Program.o
                0x0000273a                DIO_SetPin_PULLUP
 .text.ADC_Initialize
                0x000027be       0x30 ./MCAL/ADC/ADC_Program.o
                0x000027be                ADC_Initialize
 .text.ADC_Read
                0x000027ee       0x3a ./MCAL/ADC/ADC_Program.o
                0x000027ee                ADC_Read
 .text.YELLOW_LED_TGL
                0x00002828        0xa ./EHAL/YELLOW LED/YELLOW_LED_Program.o
                0x00002828                YELLOW_LED_TGL
 .text.YELLOW_LED_OFF
                0x00002832        0xc ./EHAL/YELLOW LED/YELLOW_LED_Program.o
                0x00002832                YELLOW_LED_OFF
 .text.YELLOW_LED_ON
                0x0000283e        0xc ./EHAL/YELLOW LED/YELLOW_LED_Program.o
                0x0000283e                YELLOW_LED_ON
 .text.YELLOW_LED_Initializ
                0x0000284a        0xc ./EHAL/YELLOW LED/YELLOW_LED_Program.o
                0x0000284a                YELLOW_LED_Initializ
 .text.Speed_Analog_Read
                0x00002856        0xe ./EHAL/Potentiometer/Engine_Sensor/Engine_Sensor_Program.o
                0x00002856                Speed_Analog_Read
 .text.Speed_Analog_Initialize
                0x00002864        0xa ./EHAL/Potentiometer/Engine_Sensor/Engine_Sensor_Program.o
                0x00002864                Speed_Analog_Initialize
 .text.LIMIT_Speed_Analog_Read
                0x0000286e        0xe ./EHAL/Potentiometer/Engine_Limit_Sensor/Engine_Limit_Sensor_Program.o
                0x0000286e                LIMIT_Speed_Analog_Read
 .text.LIMIT_Speed_Analog_Initialize
                0x0000287c        0xa ./EHAL/Potentiometer/Engine_Limit_Sensor/Engine_Limit_Sensor_Program.o
                0x0000287c                LIMIT_Speed_Analog_Initialize
 .text.LCD_Write_Character
                0x00002886       0xde ./EHAL/LCD_4x20/LCD_Program.o
                0x00002886                LCD_Write_Character
 .text.LCD_Write_Number
                0x00002964      0x27a ./EHAL/LCD_4x20/LCD_Program.o
                0x00002964                LCD_Write_Number
 .text.LCD_Write_String
                0x00002bde       0x20 ./EHAL/LCD_4x20/LCD_Program.o
                0x00002bde                LCD_Write_String
 .text.LCD_Write_Command
                0x00002bfe       0xde ./EHAL/LCD_4x20/LCD_Program.o
                0x00002bfe                LCD_Write_Command
 .text.load_custom_characters
                0x00002cdc       0xce ./EHAL/LCD_4x20/LCD_Program.o
                0x00002cdc                load_custom_characters
 .text.LCD_LINE_position
                0x00002daa       0x36 ./EHAL/LCD_4x20/LCD_Program.o
                0x00002daa                LCD_LINE_position
 .text.LCD_Clear
                0x00002de0        0xa ./EHAL/LCD_4x20/LCD_Program.o
                0x00002de0                LCD_Clear
 .text.LCD_Curser_ON
                0x00002dea        0xa ./EHAL/LCD_4x20/LCD_Program.o
                0x00002dea                LCD_Curser_ON
 .text.LCD_Curser_OFF
                0x00002df4        0xa ./EHAL/LCD_4x20/LCD_Program.o
                0x00002df4                LCD_Curser_OFF
 .text.LCD_Initialize
                0x00002dfe       0x7a ./EHAL/LCD_4x20/LCD_Program.o
                0x00002dfe                LCD_Initialize
 .text.KEYPAD_Read
                0x00002e78      0x156 ./EHAL/KEYPAD Driver/KEYPAD_Program.o
                0x00002e78                KEYPAD_Read
 .text.KEYPAD_Initialize
                0x00002fce       0x7a ./EHAL/KEYPAD Driver/KEYPAD_Program.o
                0x00002fce                KEYPAD_Initialize
 .text.GREEN_LED_TGL
                0x00003048        0xa ./EHAL/GREEN LED/GREEN_LED_Program.o
                0x00003048                GREEN_LED_TGL
 .text.GREEN_LED_OFF
                0x00003052        0xc ./EHAL/GREEN LED/GREEN_LED_Program.o
                0x00003052                GREEN_LED_OFF
 .text.GREEN_LED_ON
                0x0000305e        0xc ./EHAL/GREEN LED/GREEN_LED_Program.o
                0x0000305e                GREEN_LED_ON
 .text.GREEN_LED_Initializ
                0x0000306a        0xc ./EHAL/GREEN LED/GREEN_LED_Program.o
                0x0000306a                GREEN_LED_Initializ
 .text.BUZZER_TGL
                0x00003076        0xc ./EHAL/Buzzer/Buzzer_Program.o
                0x00003076                BUZZER_TGL
 .text.BUZZER_OFF
                0x00003082        0xe ./EHAL/Buzzer/Buzzer_Program.o
                0x00003082                BUZZER_OFF
 .text.BUZZER_ON
                0x00003090        0xe ./EHAL/Buzzer/Buzzer_Program.o
                0x00003090                BUZZER_ON
 .text.BUZZER_Initialize
                0x0000309e        0xe ./EHAL/Buzzer/Buzzer_Program.o
                0x0000309e                BUZZER_Initialize
 .text.BLUE_LED_TGL
                0x000030ac        0xc ./EHAL/BLUE LED/BLUE_LED_Program.o
                0x000030ac                BLUE_LED_TGL
 .text.BLUE_LED_OFF
                0x000030b8        0xe ./EHAL/BLUE LED/BLUE_LED_Program.o
                0x000030b8                BLUE_LED_OFF
 .text.BLUE_LED_ON
                0x000030c6        0xe ./EHAL/BLUE LED/BLUE_LED_Program.o
                0x000030c6                BLUE_LED_ON
 .text.BLUE_LED_Initializ
                0x000030d4        0xe ./EHAL/BLUE LED/BLUE_LED_Program.o
                0x000030d4                BLUE_LED_Initializ
 .text.MAIN_Application
                0x000030e2       0x3a ./APPLICATION/APP_Program.o
                0x000030e2                MAIN_Application
 .text.Application_Initialize
                0x0000311c       0xd0 ./APPLICATION/APP_Program.o
                0x0000311c                Application_Initialize
 .text.Display_Letter
                0x000031ec      0x256 ./APPLICATION/Display_Update_Program.o
                0x000031ec                Display_Letter
 .text.SET_LIMIT_SPEED
                0x00003442      0x190 ./APPLICATION/Display_Update_Program.o
                0x00003442                SET_LIMIT_SPEED
 .text.Current_Speed_value
                0x000035d2       0xd0 ./APPLICATION/Display_Update_Program.o
                0x000035d2                Current_Speed_value
 .text.Check_Speed_State
                0x000036a2       0xde ./APPLICATION/Display_Update_Program.o
                0x000036a2                Check_Speed_State
 .text.TGL_Limit_Speed
                0x00003780       0x50 ./APPLICATION/Display_Update_Program.o
                0x00003780                TGL_Limit_Speed
 .text.Main_LCD_Display
                0x000037d0      0x178 ./APPLICATION/Display_Update_Program.o
                0x000037d0                Main_LCD_Display
 .text.Drive_State
                0x00003948       0xa0 ./APPLICATION/GearBox_Program.o
                0x00003948                Drive_State
 .text.Normal_State
                0x000039e8       0xbe ./APPLICATION/GearBox_Program.o
                0x000039e8                Normal_State
 .text.Reverse_State
                0x00003aa6       0xc4 ./APPLICATION/GearBox_Program.o
                0x00003aa6                Reverse_State
 .text.Parking_State
                0x00003b6a       0xc0 ./APPLICATION/GearBox_Program.o
                0x00003b6a                Parking_State
 .text.main     0x00003c2a        0xa ./main.o
                0x00003c2a                main
 .text.libgcc   0x00003c34       0x26 c:/winavr-20100110/bin/../lib/gcc/avr/4.3.3/avr5\libgcc.a(_divmodhi4.o)
                0x00003c34                __divmodhi4
                0x00003c34                _div
 .text.libgcc   0x00003c5a       0x44 c:/winavr-20100110/bin/../lib/gcc/avr/4.3.3/avr5\libgcc.a(_udivmodsi4.o)
                0x00003c5a                __udivmodsi4
 .text.libgcc   0x00003c9e        0x0 c:/winavr-20100110/bin/../lib/gcc/avr/4.3.3/avr5\libgcc.a(_exit.o)
 .text.libgcc   0x00003c9e        0x0 c:/winavr-20100110/bin/../lib/gcc/avr/4.3.3/avr5\libgcc.a(_copy_data.o)
 .text.libgcc   0x00003c9e        0x0 c:/winavr-20100110/bin/../lib/gcc/avr/4.3.3/avr5\libgcc.a(_clear_bss.o)
 .text.libgcc   0x00003c9e       0x3e c:/winavr-20100110/bin/../lib/gcc/avr/4.3.3/avr5\libgcc.a(_mulsi3.o)
                0x00003c9e                __mulsi3
 .text.libgcc   0x00003cdc       0x28 c:/winavr-20100110/bin/../lib/gcc/avr/4.3.3/avr5\libgcc.a(_udivmodhi4.o)
                0x00003cdc                __udivmodhi4
 .text.libgcc   0x00003d04       0x38 c:/winavr-20100110/bin/../lib/gcc/avr/4.3.3/avr5\libgcc.a(_prologue.o)
                0x00003d04                __prologue_saves__
 .text.libgcc   0x00003d3c       0x36 c:/winavr-20100110/bin/../lib/gcc/avr/4.3.3/avr5\libgcc.a(_epilogue.o)
                0x00003d3c                __epilogue_restores__
                0x00003d72                . = ALIGN (0x2)
 *(.fini9)
 .fini9         0x00003d72        0x0 c:/winavr-20100110/bin/../lib/gcc/avr/4.3.3/avr5\libgcc.a(_exit.o)
                0x00003d72                exit
                0x00003d72                _exit
 *(.fini9)
 *(.fini8)
 *(.fini8)
 *(.fini7)
 *(.fini7)
 *(.fini6)
 *(.fini6)
 *(.fini5)
 *(.fini5)
 *(.fini4)
 *(.fini4)
 *(.fini3)
 *(.fini3)
 *(.fini2)
 *(.fini2)
 *(.fini1)
 *(.fini1)
 *(.fini0)
 .fini0         0x00003d72        0x4 c:/winavr-20100110/bin/../lib/gcc/avr/4.3.3/avr5\libgcc.a(_exit.o)
 *(.fini0)
                0x00003d76                _etext = .

.data           0x00800060      0x282 load address 0x00003d76
                0x00800060                PROVIDE (__data_start, .)
 *(.data)
 .data          0x00800060        0x0 c:/winavr-20100110/bin/../lib/gcc/avr/4.3.3/../../../../avr/lib/avr5/crtm32.o
 .data          0x00800060        0x0 ./MCAL/USART/UART_Program.o
 .data          0x00800060        0x0 ./MCAL/SPI/SPI_Program.o
 .data          0x00800060        0x0 ./MCAL/DIO/DIO_Program.o
 .data          0x00800060        0x0 ./MCAL/ADC/ADC_Program.o
 .data          0x00800060        0x0 ./EHAL/YELLOW LED/YELLOW_LED_Program.o
 .data          0x00800060        0x0 ./EHAL/Potentiometer/Engine_Sensor/Engine_Sensor_Program.o
 .data          0x00800060        0x0 ./EHAL/Potentiometer/Engine_Limit_Sensor/Engine_Limit_Sensor_Program.o
 .data          0x00800060        0x0 ./EHAL/LCD_4x20/LCD_Program.o
 .data          0x00800060        0x0 ./EHAL/KEYPAD Driver/KEYPAD_Program.o
 .data          0x00800060        0x0 ./EHAL/GREEN LED/GREEN_LED_Program.o
 .data          0x00800060        0x0 ./EHAL/Buzzer/Buzzer_Program.o
 .data          0x00800060        0x0 ./EHAL/BLUE LED/BLUE_LED_Program.o
 .data          0x00800060       0x76 ./APPLICATION/APP_Program.o
 .data          0x008000d6       0xbf ./APPLICATION/Display_Update_Program.o
 .data          0x00800195        0x0 ./APPLICATION/GearBox_Program.o
 .data          0x00800195        0x0 ./main.o
 .data          0x00800195        0x0 c:/winavr-20100110/bin/../lib/gcc/avr/4.3.3/avr5\libgcc.a(_divmodhi4.o)
 .data          0x00800195        0x0 c:/winavr-20100110/bin/../lib/gcc/avr/4.3.3/avr5\libgcc.a(_udivmodsi4.o)
 .data          0x00800195        0x0 c:/winavr-20100110/bin/../lib/gcc/avr/4.3.3/avr5\libgcc.a(_exit.o)
 .data          0x00800195        0x0 c:/winavr-20100110/bin/../lib/gcc/avr/4.3.3/avr5\libgcc.a(_copy_data.o)
 .data          0x00800195        0x0 c:/winavr-20100110/bin/../lib/gcc/avr/4.3.3/avr5\libgcc.a(_clear_bss.o)
 .data          0x00800195        0x0 c:/winavr-20100110/bin/../lib/gcc/avr/4.3.3/avr5\libgcc.a(_divdi3.o)
 .data          0x00800195        0x0 c:/winavr-20100110/bin/../lib/gcc/avr/4.3.3/avr5\libgcc.a(_moddi3.o)
 .data          0x00800195        0x0 c:/winavr-20100110/bin/../lib/gcc/avr/4.3.3/avr5\libgcc.a(_mulsi3.o)
 .data          0x00800195        0x0 c:/winavr-20100110/bin/../lib/gcc/avr/4.3.3/avr5\libgcc.a(_udivmodhi4.o)
 .data          0x00800195        0x0 c:/winavr-20100110/bin/../lib/gcc/avr/4.3.3/avr5\libgcc.a(_prologue.o)
 .data          0x00800195        0x0 c:/winavr-20100110/bin/../lib/gcc/avr/4.3.3/avr5\libgcc.a(_epilogue.o)
 .data          0x00800195      0x100 c:/winavr-20100110/bin/../lib/gcc/avr/4.3.3/avr5\libgcc.a(_clz.o)
                0x00800195                __clz_tab
 *(.data*)
 .data.Start_state_flag
                0x00800295        0x1 ./APPLICATION/APP_Program.o
                0x00800295                Start_state_flag
 .data.one_time_flag
                0x00800296        0x1 ./APPLICATION/Display_Update_Program.o
                0x00800296                one_time_flag
 .data.Mode_Selected
                0x00800297        0x1 ./APPLICATION/GearBox_Program.o
                0x00800297                Mode_Selected
 .data.Parking_Flag
                0x00800298        0x1 ./APPLICATION/GearBox_Program.o
                0x00800298                Parking_Flag
 *(.rodata)
 *(.rodata*)
 .rodata.P_0    0x00800299        0x8 ./EHAL/LCD_4x20/LCD_Program.o
                0x00800299                P_0
 .rodata.P_1    0x008002a1        0x8 ./EHAL/LCD_4x20/LCD_Program.o
                0x008002a1                P_1
 .rodata.P_2    0x008002a9        0x8 ./EHAL/LCD_4x20/LCD_Program.o
                0x008002a9                P_2
 .rodata.P_3    0x008002b1        0x8 ./EHAL/LCD_4x20/LCD_Program.o
                0x008002b1                P_3
 .rodata.P_4    0x008002b9        0x8 ./EHAL/LCD_4x20/LCD_Program.o
                0x008002b9                P_4
 .rodata.P_5    0x008002c1        0x8 ./EHAL/LCD_4x20/LCD_Program.o
                0x008002c1                P_5
 .rodata.P_6    0x008002c9        0x8 ./EHAL/LCD_4x20/LCD_Program.o
                0x008002c9                P_6
 .rodata.keypad
                0x008002d1       0x10 ./EHAL/KEYPAD Driver/KEYPAD_Program.o
                0x008002d1                keypad
 *(.gnu.linkonce.d*)
                0x008002e2                . = ALIGN (0x2)
 *fill*         0x008002e1        0x1 00
                0x008002e2                _edata = .
                0x008002e2                PROVIDE (__data_end, .)

.bss            0x008002e2        0xf
                0x008002e2                PROVIDE (__bss_start, .)
 *(.bss)
 .bss           0x008002e2        0x0 c:/winavr-20100110/bin/../lib/gcc/avr/4.3.3/../../../../avr/lib/avr5/crtm32.o
 .bss           0x008002e2        0x0 ./MCAL/USART/UART_Program.o
 .bss           0x008002e2        0x0 ./MCAL/SPI/SPI_Program.o
 .bss           0x008002e2        0x0 ./MCAL/DIO/DIO_Program.o
 .bss           0x008002e2        0x0 ./MCAL/ADC/ADC_Program.o
 .bss           0x008002e2        0x0 ./EHAL/YELLOW LED/YELLOW_LED_Program.o
 .bss           0x008002e2        0x0 ./EHAL/Potentiometer/Engine_Sensor/Engine_Sensor_Program.o
 .bss           0x008002e2        0x0 ./EHAL/Potentiometer/Engine_Limit_Sensor/Engine_Limit_Sensor_Program.o
 .bss           0x008002e2        0x0 ./EHAL/LCD_4x20/LCD_Program.o
 .bss           0x008002e2        0x0 ./EHAL/KEYPAD Driver/KEYPAD_Program.o
 .bss           0x008002e2        0x0 ./EHAL/GREEN LED/GREEN_LED_Program.o
 .bss           0x008002e2        0x0 ./EHAL/Buzzer/Buzzer_Program.o
 .bss           0x008002e2        0x0 ./EHAL/BLUE LED/BLUE_LED_Program.o
 .bss           0x008002e2        0x0 ./APPLICATION/APP_Program.o
 .bss           0x008002e2        0x0 ./APPLICATION/Display_Update_Program.o
 .bss           0x008002e2        0x0 ./APPLICATION/GearBox_Program.o
 .bss           0x008002e2        0x0 ./main.o
 .bss           0x008002e2        0x0 c:/winavr-20100110/bin/../lib/gcc/avr/4.3.3/avr5\libgcc.a(_divmodhi4.o)
 .bss           0x008002e2        0x0 c:/winavr-20100110/bin/../lib/gcc/avr/4.3.3/avr5\libgcc.a(_udivmodsi4.o)
 .bss           0x008002e2        0x0 c:/winavr-20100110/bin/../lib/gcc/avr/4.3.3/avr5\libgcc.a(_exit.o)
 .bss           0x008002e2        0x0 c:/winavr-20100110/bin/../lib/gcc/avr/4.3.3/avr5\libgcc.a(_copy_data.o)
 .bss           0x008002e2        0x0 c:/winavr-20100110/bin/../lib/gcc/avr/4.3.3/avr5\libgcc.a(_clear_bss.o)
 .bss           0x008002e2        0x0 c:/winavr-20100110/bin/../lib/gcc/avr/4.3.3/avr5\libgcc.a(_divdi3.o)
 .bss           0x008002e2        0x0 c:/winavr-20100110/bin/../lib/gcc/avr/4.3.3/avr5\libgcc.a(_moddi3.o)
 .bss           0x008002e2        0x0 c:/winavr-20100110/bin/../lib/gcc/avr/4.3.3/avr5\libgcc.a(_mulsi3.o)
 .bss           0x008002e2        0x0 c:/winavr-20100110/bin/../lib/gcc/avr/4.3.3/avr5\libgcc.a(_udivmodhi4.o)
 .bss           0x008002e2        0x0 c:/winavr-20100110/bin/../lib/gcc/avr/4.3.3/avr5\libgcc.a(_prologue.o)
 .bss           0x008002e2        0x0 c:/winavr-20100110/bin/../lib/gcc/avr/4.3.3/avr5\libgcc.a(_epilogue.o)
 .bss           0x008002e2        0x0 c:/winavr-20100110/bin/../lib/gcc/avr/4.3.3/avr5\libgcc.a(_clz.o)
 *(.bss*)
 .bss.My_Master
                0x008002e2        0x5 ./APPLICATION/APP_Program.o
                0x008002e2                My_Master
 .bss.SPEED_LIMIT
                0x008002e7        0x1 ./APPLICATION/Display_Update_Program.o
                0x008002e7                SPEED_LIMIT
 .bss.Current_Speed
                0x008002e8        0x2 ./APPLICATION/GearBox_Program.o
                0x008002e8                Current_Speed
 .bss.Reverse_Flag
                0x008002ea        0x1 ./APPLICATION/GearBox_Program.o
                0x008002ea                Reverse_Flag
 .bss.Normal_Flag
                0x008002eb        0x1 ./APPLICATION/GearBox_Program.o
                0x008002eb                Normal_Flag
 .bss.Drive_Flag
                0x008002ec        0x1 ./APPLICATION/GearBox_Program.o
                0x008002ec                Drive_Flag
 .bss.Limit_Flag
                0x008002ed        0x1 ./APPLICATION/GearBox_Program.o
                0x008002ed                Limit_Flag
 *(COMMON)
 COMMON         0x008002ee        0x2 ./MCAL/SPI/SPI_Program.o
                0x008002ee                ptr_func
 COMMON         0x008002f0        0x1 ./APPLICATION/GearBox_Program.o
                0x008002f0                mode_state
                0x008002f1                PROVIDE (__bss_end, .)
                0x00003d76                __data_load_start = LOADADDR (.data)
                0x00003ff8                __data_load_end = (__data_load_start + SIZEOF (.data))

.noinit         0x008002f1        0x0
                0x008002f1                PROVIDE (__noinit_start, .)
 *(.noinit*)
                0x008002f1                PROVIDE (__noinit_end, .)
                0x008002f1                _end = .
                0x008002f1                PROVIDE (__heap_start, .)

.eeprom         0x00810000        0x0
 *(.eeprom*)
                0x00810000                __eeprom_end = .

.fuse
 *(.fuse)
 *(.lfuse)
 *(.hfuse)
 *(.efuse)

.lock
 *(.lock*)

.signature
 *(.signature*)

.stab           0x00000000     0x4b00
 *(.stab)
 .stab          0x00000000      0x4f8 ./MCAL/USART/UART_Program.o
 .stab          0x000004f8      0x618 ./MCAL/SPI/SPI_Program.o
                                0x75c (size before relaxing)
 .stab          0x00000b10      0x57c ./MCAL/DIO/DIO_Program.o
                                0x7ec (size before relaxing)
 .stab          0x0000108c      0x234 ./MCAL/ADC/ADC_Program.o
                                0x4a4 (size before relaxing)
 .stab          0x000012c0      0x210 ./EHAL/YELLOW LED/YELLOW_LED_Program.o
                                0x4ec (size before relaxing)
 .stab          0x000014d0      0x1e0 ./EHAL/Potentiometer/Engine_Sensor/Engine_Sensor_Program.o
                                0x450 (size before relaxing)
 .stab          0x000016b0      0x1bc ./EHAL/Potentiometer/Engine_Limit_Sensor/Engine_Limit_Sensor_Program.o
                                0x450 (size before relaxing)
 .stab          0x0000186c      0xa44 ./EHAL/LCD_4x20/LCD_Program.o
                                0xd20 (size before relaxing)
 .stab          0x000022b0      0x3d8 ./EHAL/KEYPAD Driver/KEYPAD_Program.o
                                0x6b4 (size before relaxing)
 .stab          0x00002688      0x210 ./EHAL/GREEN LED/GREEN_LED_Program.o
                                0x4ec (size before relaxing)
 .stab          0x00002898      0x210 ./EHAL/Buzzer/Buzzer_Program.o
                                0x4ec (size before relaxing)
 .stab          0x00002aa8      0x210 ./EHAL/BLUE LED/BLUE_LED_Program.o
                                0x4ec (size before relaxing)
 .stab          0x00002cb8      0x570 ./APPLICATION/APP_Program.o
                                0x870 (size before relaxing)
 .stab          0x00003228     0x1098 ./APPLICATION/Display_Update_Program.o
                               0x1404 (size before relaxing)
 .stab          0x000042c0      0x660 ./APPLICATION/GearBox_Program.o
                                0xa08 (size before relaxing)
 .stab          0x00004920      0x1e0 ./main.o
                                0x5a0 (size before relaxing)

.stabstr        0x00000000     0x24be
 *(.stabstr)
 .stabstr       0x00000000     0x24be ./MCAL/USART/UART_Program.o

.stab.excl
 *(.stab.excl)

.stab.exclstr
 *(.stab.exclstr)

.stab.index
 *(.stab.index)

.stab.indexstr
 *(.stab.indexstr)

.comment
 *(.comment)

.debug
 *(.debug)

.line
 *(.line)

.debug_srcinfo
 *(.debug_srcinfo)

.debug_sfnames
 *(.debug_sfnames)

.debug_aranges  0x00000000       0x40
 *(.debug_aranges)
 .debug_aranges
                0x00000000       0x20 c:/winavr-20100110/bin/../lib/gcc/avr/4.3.3/avr5\libgcc.a(_divdi3.o)
 .debug_aranges
                0x00000020       0x20 c:/winavr-20100110/bin/../lib/gcc/avr/4.3.3/avr5\libgcc.a(_moddi3.o)

.debug_pubnames
                0x00000000       0x5e
 *(.debug_pubnames)
 .debug_pubnames
                0x00000000       0x1f c:/winavr-20100110/bin/../lib/gcc/avr/4.3.3/avr5\libgcc.a(_divdi3.o)
 .debug_pubnames
                0x0000001f       0x1f c:/winavr-20100110/bin/../lib/gcc/avr/4.3.3/avr5\libgcc.a(_moddi3.o)
 .debug_pubnames
                0x0000003e       0x20 c:/winavr-20100110/bin/../lib/gcc/avr/4.3.3/avr5\libgcc.a(_clz.o)

.debug_info     0x00000000      0xf80
 *(.debug_info)
 .debug_info    0x00000000      0x756 c:/winavr-20100110/bin/../lib/gcc/avr/4.3.3/avr5\libgcc.a(_divdi3.o)
 .debug_info    0x00000756      0x781 c:/winavr-20100110/bin/../lib/gcc/avr/4.3.3/avr5\libgcc.a(_moddi3.o)
 .debug_info    0x00000ed7       0xa9 c:/winavr-20100110/bin/../lib/gcc/avr/4.3.3/avr5\libgcc.a(_clz.o)
 *(.gnu.linkonce.wi.*)

.debug_abbrev   0x00000000      0x3a8
 *(.debug_abbrev)
 .debug_abbrev  0x00000000      0x19f c:/winavr-20100110/bin/../lib/gcc/avr/4.3.3/avr5\libgcc.a(_divdi3.o)
 .debug_abbrev  0x0000019f      0x19f c:/winavr-20100110/bin/../lib/gcc/avr/4.3.3/avr5\libgcc.a(_moddi3.o)
 .debug_abbrev  0x0000033e       0x6a c:/winavr-20100110/bin/../lib/gcc/avr/4.3.3/avr5\libgcc.a(_clz.o)

.debug_line     0x00000000      0x524
 *(.debug_line)
 .debug_line    0x00000000      0x228 c:/winavr-20100110/bin/../lib/gcc/avr/4.3.3/avr5\libgcc.a(_divdi3.o)
 .debug_line    0x00000228      0x280 c:/winavr-20100110/bin/../lib/gcc/avr/4.3.3/avr5\libgcc.a(_moddi3.o)
 .debug_line    0x000004a8       0x7c c:/winavr-20100110/bin/../lib/gcc/avr/4.3.3/avr5\libgcc.a(_clz.o)

.debug_frame    0x00000000       0x40
 *(.debug_frame)
 .debug_frame   0x00000000       0x20 c:/winavr-20100110/bin/../lib/gcc/avr/4.3.3/avr5\libgcc.a(_divdi3.o)
 .debug_frame   0x00000020       0x20 c:/winavr-20100110/bin/../lib/gcc/avr/4.3.3/avr5\libgcc.a(_moddi3.o)

.debug_str      0x00000000      0x145
 *(.debug_str)
 .debug_str     0x00000000      0x13c c:/winavr-20100110/bin/../lib/gcc/avr/4.3.3/avr5\libgcc.a(_divdi3.o)
                                0x189 (size before relaxing)
 .debug_str     0x0000013c        0x9 c:/winavr-20100110/bin/../lib/gcc/avr/4.3.3/avr5\libgcc.a(_moddi3.o)
                                0x189 (size before relaxing)
 .debug_str     0x00000000       0xf4 c:/winavr-20100110/bin/../lib/gcc/avr/4.3.3/avr5\libgcc.a(_clz.o)

.debug_loc      0x00000000     0x19f2
 *(.debug_loc)
 .debug_loc     0x00000000      0xe71 c:/winavr-20100110/bin/../lib/gcc/avr/4.3.3/avr5\libgcc.a(_divdi3.o)
 .debug_loc     0x00000e71      0xb81 c:/winavr-20100110/bin/../lib/gcc/avr/4.3.3/avr5\libgcc.a(_moddi3.o)

.debug_macinfo
 *(.debug_macinfo)
OUTPUT(CAR_MC_MASTER.elf elf32-avr)
LOAD linker stubs

.debug_ranges   0x00000000       0x30
 .debug_ranges  0x00000000       0x18 c:/winavr-20100110/bin/../lib/gcc/avr/4.3.3/avr5\libgcc.a(_divdi3.o)
 .debug_ranges  0x00000018       0x18 c:/winavr-20100110/bin/../lib/gcc/avr/4.3.3/avr5\libgcc.a(_moddi3.o)
